{"level":30,"time":1687266671471,"pid":1,"hostname":"8522dc01acef","reqId":"req-ux","res":{"statusCode":200},"responseTime":8.887636184692383,"msg":"request completed"}
{"level":30,"time":1687266704712,"pid":1,"hostname":"8522dc01acef","reqId":"req-uy","req":{"method":"GET","url":"/api/v1/suppliers?pageSize=10&page=1","hostname":"inventory.delinternet.com","remoteAddress":"192.168.240.1","remotePort":55840},"msg":"incoming request"}
{"level":30,"time":1687266704738,"pid":1,"hostname":"8522dc01acef","reqId":"req-uy","res":{"statusCode":200},"responseTime":26.028146743774414,"msg":"request completed"}
{"level":30,"time":1687266718897,"pid":1,"hostname":"8522dc01acef","reqId":"req-uz","req":{"method":"GET","url":"/api/v1/suppliers?pageSize=10&page=1","hostname":"inventory.delinternet.com","remoteAddress":"192.168.240.1","remotePort":55904},"msg":"incoming request"}
{"level":30,"time":1687266718920,"pid":1,"hostname":"8522dc01acef","reqId":"req-uz","res":{"statusCode":200},"responseTime":22.951024055480957,"msg":"request completed"}
{"level":30,"time":1687266737738,"pid":1,"hostname":"8522dc01acef","reqId":"req-v0","req":{"method":"GET","url":"/api/v1/suppliers?pageSize=10&page=1","hostname":"inventory.delinternet.com","remoteAddress":"192.168.240.1","remotePort":55926},"msg":"incoming request"}
{"level":30,"time":1687266737764,"pid":1,"hostname":"8522dc01acef","reqId":"req-v0","res":{"statusCode":200},"responseTime":25.752931594848633,"msg":"request completed"}
{"level":30,"time":1687266843071,"pid":1,"hostname":"8522dc01acef","reqId":"req-v1","req":{"method":"GET","url":"/api/v1/suppliers?pageSize=10&page=1","hostname":"inventory.delinternet.com","remoteAddress":"192.168.240.1","remotePort":56192},"msg":"incoming request"}
{"level":30,"time":1687266843099,"pid":1,"hostname":"8522dc01acef","reqId":"req-v1","res":{"statusCode":200},"responseTime":27.534785270690918,"msg":"request completed"}
{"level":30,"time":1687268205421,"pid":63833,"hostname":"tuf","reqId":"req-s","req":{"method":"GET","url":"/api/v1/roles/?page=1&pageSize=10&order=desc&orderBy=id&filter%5Btitle%5D[$like]=string","hostname":"localhost:3003","remoteAddress":"127.0.0.1","remotePort":45986},"msg":"incoming request"}
{"level":30,"time":1687268205425,"pid":63833,"hostname":"tuf","reqId":"req-s","res":{"statusCode":401},"err":{"type":"FastifyError","message":"Authorization token expired","stack":"FastifyError: Authorization token expired\n    at verify (/home/erfanium/Documents/deli/inv-backend/node_modules/@fastify/jwt/jwt.js:489:29)\n    at work (/home/erfanium/Documents/deli/inv-backend/node_modules/fastfall/fall.js:105:23)\n    at /home/erfanium/Documents/deli/inv-backend/node_modules/@fastify/jwt/jwt.js:22:12\n    at getSecret (/home/erfanium/Documents/deli/inv-backend/node_modules/@fastify/jwt/jwt.js:471:30)\n    at Holder.work (/home/erfanium/Documents/deli/inv-backend/node_modules/fastfall/fall.js:103:23)\n    at Function.fall [as waterfall] (/home/erfanium/Documents/deli/inv-backend/node_modules/fastfall/fall.js:30:13)\n    at _Request.requestVerify [as jwtVerify] (/home/erfanium/Documents/deli/inv-backend/node_modules/@fastify/jwt/jwt.js:469:11)\n    at /home/erfanium/Documents/deli/inv-backend/node_modules/@fastify/jwt/jwt.js:454:31\n    at new Promise (<anonymous>)\n    at _Request.requestVerify [as jwtVerify] (/home/erfanium/Documents/deli/inv-backend/node_modules/@fastify/jwt/jwt.js:453:14)","name":"FastifyError","code":"FST_JWT_AUTHORIZATION_TOKEN_EXPIRED","statusCode":401},"msg":"Authorization token expired"}
{"level":30,"time":1687268205426,"pid":63833,"hostname":"tuf","reqId":"req-s","res":{"statusCode":401},"err":{"type":"FastifyError","message":"Authorization token expired","stack":"FastifyError: Authorization token expired\n    at verify (/home/erfanium/Documents/deli/inv-backend/node_modules/@fastify/jwt/jwt.js:489:29)\n    at work (/home/erfanium/Documents/deli/inv-backend/node_modules/fastfall/fall.js:105:23)\n    at /home/erfanium/Documents/deli/inv-backend/node_modules/@fastify/jwt/jwt.js:22:12\n    at getSecret (/home/erfanium/Documents/deli/inv-backend/node_modules/@fastify/jwt/jwt.js:471:30)\n    at Holder.work (/home/erfanium/Documents/deli/inv-backend/node_modules/fastfall/fall.js:103:23)\n    at Function.fall [as waterfall] (/home/erfanium/Documents/deli/inv-backend/node_modules/fastfall/fall.js:30:13)\n    at _Request.requestVerify [as jwtVerify] (/home/erfanium/Documents/deli/inv-backend/node_modules/@fastify/jwt/jwt.js:469:11)\n    at /home/erfanium/Documents/deli/inv-backend/node_modules/@fastify/jwt/jwt.js:454:31\n    at new Promise (<anonymous>)\n    at _Request.requestVerify [as jwtVerify] (/home/erfanium/Documents/deli/inv-backend/node_modules/@fastify/jwt/jwt.js:453:14)","name":"FastifyError","code":"FST_JWT_AUTHORIZATION_TOKEN_EXPIRED","statusCode":401},"msg":"Authorization token expired"}
{"level":30,"time":1687268205427,"pid":63833,"hostname":"tuf","reqId":"req-s","res":{"statusCode":401},"responseTime":5.662677999585867,"msg":"request completed"}
{"level":30,"time":1687528590160,"pid":1,"hostname":"8522dc01acef","reqId":"req-1hg","req":{"method":"GET","url":"/api/v1/customers/50/address","hostname":"inventory.delinternet.com","remoteAddress":"192.168.240.1","remotePort":46960},"msg":"incoming request"}
{"level":30,"time":1687528590192,"pid":1,"hostname":"8522dc01acef","reqId":"req-1hg","res":{"statusCode":404},"err":{"type":"FastifyError","message":"this customer has no address.","stack":"FastifyError: this customer has no address.\n    at Object.handler (/usr/src/app/src/domains/customer/routes/customers/address.ts:38:15)\n    at processTicksAndRejections (node:internal/process/task_queues:95:5)","name":"FastifyError","code":"CUSTOMER_HAS_NO_ADDRESS","statusCode":404},"msg":"this customer has no address."}
{"level":30,"time":1687528402736,"pid":1,"hostname":"8522dc01acef","reqId":"req-1h4","req":{"method":"GET","url":"/api/v1/geo/cities?pageSize=15&page=1&filter.provinceCode.%24like=%P45%","hostname":"inventory.delinternet.com","remoteAddress":"192.168.240.1","remotePort":46102},"msg":"incoming request"}
{"level":50,"time":1687528402742,"pid":1,"hostname":"8522dc01acef","reqId":"req-1h4","req":{"method":"GET","url":"/api/v1/geo/cities?pageSize=15&page=1&filter.provinceCode.%24like=%P45%","hostname":"inventory.delinternet.com","remoteAddress":"192.168.240.1","remotePort":46102},"res":{"statusCode":500},"err":{"type":"Error","message":"can not fetch data","stack":"Error: can not fetch data\n    at getCities (/usr/src/app/src/domains/geo/service.ts:33:11)\n    at processTicksAndRejections (node:internal/process/task_queues:95:5)\n    at async Object.handler (/usr/src/app/src/domains/geo/routes.ts:132:32)"},"msg":"can not fetch data"}
{"level":50,"time":1687528402746,"pid":1,"hostname":"8522dc01acef","reqId":"req-1h4","req":{"method":"GET","url":"/api/v1/geo/cities?pageSize=15&page=1&filter.provinceCode.%24like=%P45%","hostname":"inventory.delinternet.com","remoteAddress":"192.168.240.1","remotePort":46102},"res":{"statusCode":500},"err":{"type":"Error","message":"can not fetch data","stack":"Error: can not fetch data\n    at getCities (/usr/src/app/src/domains/geo/service.ts:33:11)\n    at processTicksAndRejections (node:internal/process/task_queues:95:5)\n    at async Object.handler (/usr/src/app/src/domains/geo/routes.ts:132:32)"},"msg":"can not fetch data"}
{"level":30,"time":1687528402746,"pid":1,"hostname":"8522dc01acef","reqId":"req-1h4","res":{"statusCode":500},"responseTime":10.37879467010498,"msg":"request completed"}
